
> portfolio@0.1.0 build
> next build

node.exe : ΓÜá 
Warning: Next.js 
inferred your 
workspace root, but 
it may not be correct.
At line:1 char:1
+ & "C:\Program Files\
nodejs/node.exe" 
"C:\Program 
Files\nodejs/node_mo 
...
+ ~~~~~~~~~~~~~~~~~~~~
~~~~~~~~~~~~~~~~~~~~~~
~~~~~~~~~~~~~~~~~~~~~~
~~~~~
    + CategoryInfo    
          : NotSpeci  
  fied: (ΓÜá Warnin   
 g: Ne...not be co    
rrect.:String) []    
, RemoteException
    + FullyQualifiedE 
   rrorId : NativeCo  
  mmandError
 
 We detected multiple 
lockfiles and 
selected the 
directory of C:\Users\
anvay\package-lock.jso
n as the root 
directory.
 To silence this 
warning, set 
`turbopack.root` in 
your Next.js config, 
or consider removing 
one of the lockfiles 
if it's not needed.
   See https://nextjs.
org/docs/app/api-refer
ence/config/next-confi
g-js/turbopack#root-di
rectory for more 
information.
 Detected additional 
lockfiles: 
   * C:\Users\anvay\De
sktop\Anvaya Arsha_Por
tfolio\package-lock.js
on

Γû▓ Next.js 16.1.6 (Turbopack)

  Creating an optimized production build ...
Error: Cannot apply 
unknown utility class 
`bg-background`. Are 
you using CSS modules 
or similar and 
missing `@reference`? 
https://tailwindcss.co
m/docs/functions-and-d
irectives#reference-di
rective
    [2m[at 
onInvalidCandidate (C:
\Users\anvay\Desktop\A
nvaya Arsha_Portfolio\
node_modules\tailwindc
ss\dist\lib.js:21:1314
)][0m
    [2m[at Te (C:\Use
rs\anvay\Desktop\Anvay
a Arsha_Portfolio\node
_modules\tailwindcss\d
ist\lib.js:16:36652)]
[0m
    [2m[at C:\Users\a
nvay\Desktop\Anvaya Ar
sha_Portfolio\node_mod
ules\tailwindcss\dist\
lib.js:21:355][0m
    [2m[at Rr (C:\Use
rs\anvay\Desktop\Anvay
a Arsha_Portfolio\node
_modules\tailwindcss\d
ist\lib.js:3:1718)][0
m
    [2m[at _ (C:\User
s\anvay\Desktop\Anvaya
 Arsha_Portfolio\node_
modules\tailwindcss\di
st\lib.js:3:1377)][0m
    [2m[at $e (C:\Use
rs\anvay\Desktop\Anvay
a Arsha_Portfolio\node
_modules\tailwindcss\d
ist\lib.js:21:172)][0
m
    [2m[at un (C:\Use
rs\anvay\Desktop\Anvay
a Arsha_Portfolio\node
_modules\tailwindcss\d
ist\lib.js:38:294)][0
m
    [2m[at process.pr
ocessTicksAndRejection
s (node:internal/proce
ss/task_queues:105:5)]
[0m
    [2m[at async cn (
C:\Users\anvay\Desktop
\Anvaya Arsha_Portfoli
o\node_modules\tailwin
dcss\dist\lib.js:38:63
1)][0m
    [2m[at async Xr (
C:\Users\anvay\Desktop
\Anvaya Arsha_Portfoli
o\node_modules\@tailwi
ndcss\node\dist\index.
js:10:3417)][0m

> Build error occurred
Error: Turbopack 
build failed with 1 
errors:
./Desktop/Anvaya Arsha
_Portfolio/src/app/glo
bals.css
Error evaluating 
Node.js code
CssSyntaxError: 
tailwindcss: C:\Users\
anvay\Desktop\Anvaya A
rsha_Portfolio\src\app
\globals.css:1:1: 
Cannot apply unknown 
utility class 
`bg-background`. Are 
you using CSS modules 
or similar and 
missing `@reference`? 
https://tailwindcss.co
m/docs/functions-and-d
irectives#reference-di
rective
    at Input.error 
(Desktop/Anvaya Arsha_
Portfolio/node_modules
/postcss/lib/input.js:
135:16) [C:\Users\anva
y\Desktop\Anvaya Arsha
_Portfolio\.next\build
\chunks\cbf0e_2a179504
._.js:4651:22]
    at Root.error 
(Desktop/Anvaya Arsha_
Portfolio/node_modules
/postcss/lib/node.js:1
46:32) [C:\Users\anvay
\Desktop\Anvaya Arsha_
Portfolio\.next\build\
chunks\cbf0e_2a179504.
_.js:928:38]
    [at Object.Once (C
:\Users\anvay\Desktop\
Anvaya Arsha_Portfolio
\node_modules\@tailwin
dcss\postcss\dist\inde
x.js:10:6911)]
    [at process.proces
sTicksAndRejections (n
ode:internal/process/t
ask_queues:105:5)]
    at async 
LazyResult.runAsync 
(Desktop/Anvaya Arsha_
Portfolio/node_modules
/postcss/lib/lazy-resu
lt.js:293:11) [C:\User
s\anvay\Desktop\Anvaya
 Arsha_Portfolio\.next
\build\chunks\cbf0e_2a
179504._.js:6206:21]
    at async 
transform (turbopack:/
//[turbopack-node]/tra
nsforms/postcss.ts:70:
34) [C:\Users\anvay\De
sktop\Anvaya Arsha_Por
tfolio\.next\build\chu
nks\[root-of-the-serve
r]__a70f2f7e._.js:146:
36]
    at async run (turb
opack:///[turbopack-no
de]/ipc/evaluate.ts:92
:23) [C:\Users\anvay\D
esktop\Anvaya Arsha_Po
rtfolio\.next\build\ch
unks\[root-of-the-serv
er]__d21b6e1c._.js:443
:31]

Import trace:
  Client Component 
Browser:
    ./Desktop/Anvaya A
rsha_Portfolio/src/app
/globals.css [Client 
Component Browser]
    ./Desktop/Anvaya A
rsha_Portfolio/src/app
/layout.tsx [Server 
Component]


    at async 
transform (turbopack:/
//[turbopack-node]/tra
nsforms/postcss.ts:70:
34) [C:\Users\anvay\De
sktop\Anvaya Arsha_Por
tfolio\.next\build\chu
nks\[root-of-the-serve
r]__a70f2f7e._.js:146:
36])
    at async run (turb
opack:///[turbopack-no
de]/ipc/evaluate.ts:92
:23) [C:\Users\anvay\D
esktop\Anvaya Arsha_Po
rtfolio\.next\build\ch
unks\[root-of-the-serv
er]__d21b6e1c._.js:443
:31])
